[INFO] Scanning for projects...
[INFO] 
[INFO] --------------------< com.kinesisflow:kinesisFlow >---------------------
[INFO] Building kinesisFlow 0.0.1-SNAPSHOT
[INFO]   from pom.xml
[INFO] --------------------------------[ jar ]---------------------------------
[INFO] 
[INFO] --- clean:3.4.1:clean (default-clean) @ kinesisFlow ---
[INFO] Deleting C:\Users\Ouail\Desktop\kinesisflow\target
[INFO] 
[INFO] --- resources:3.3.1:resources (default-resources) @ kinesisFlow ---
[INFO] Copying 5 resources from src\main\resources to target\classes
[INFO] Copying 2 resources from src\main\resources to target\classes
[INFO] 
[INFO] --- compiler:3.14.0:compile (default-compile) @ kinesisFlow ---
[INFO] Recompiling the module because of changed source code.
[INFO] Compiling 46 source files with javac [debug parameters release 21] to target\classes
[INFO] /C:/Users/Ouail/Desktop/kinesisflow/src/main/java/com/kinesisflow/config/SecurityConfig.java: Some input files use or override a deprecated API.
[INFO] /C:/Users/Ouail/Desktop/kinesisflow/src/main/java/com/kinesisflow/config/SecurityConfig.java: Recompile with -Xlint:deprecation for details.
[INFO] 
[INFO] --- resources:3.3.1:testResources (default-testResources) @ kinesisFlow ---
[INFO] skip non existing resourceDirectory C:\Users\Ouail\Desktop\kinesisflow\src\test\resources
[INFO] 
[INFO] --- compiler:3.14.0:testCompile (default-testCompile) @ kinesisFlow ---
[INFO] Recompiling the module because of changed dependency.
[INFO] Compiling 4 source files with javac [debug parameters release 21] to target\test-classes
[WARNING] /C:/Users/Ouail/Desktop/kinesisflow/src/test/java/com/kinesisflow/AlertNotificationIntegrationTest.java:[93,6] org.springframework.boot.test.mock.mockito.SpyBean in org.springframework.boot.test.mock.mockito has been deprecated and marked for removal
[WARNING] /C:/Users/Ouail/Desktop/kinesisflow/src/test/java/com/kinesisflow/AlertNotificationIntegrationTest.java:[93,6] org.springframework.boot.test.mock.mockito.SpyBean in org.springframework.boot.test.mock.mockito has been deprecated and marked for removal
[WARNING] /C:/Users/Ouail/Desktop/kinesisflow/src/test/java/com/kinesisflow/AlertNotificationIntegrationTest.java:[93,6] org.springframework.boot.test.mock.mockito.SpyBean in org.springframework.boot.test.mock.mockito has been deprecated and marked for removal
[WARNING] /C:/Users/Ouail/Desktop/kinesisflow/src/test/java/com/kinesisflow/AlertNotificationIntegrationTest.java:[93,6] org.springframework.boot.test.mock.mockito.SpyBean in org.springframework.boot.test.mock.mockito has been deprecated and marked for removal
[WARNING] /C:/Users/Ouail/Desktop/kinesisflow/src/test/java/com/kinesisflow/AlertNotificationIntegrationTest.java:[93,6] org.springframework.boot.test.mock.mockito.SpyBean in org.springframework.boot.test.mock.mockito has been deprecated and marked for removal
[WARNING] /C:/Users/Ouail/Desktop/kinesisflow/src/test/java/com/kinesisflow/AlertNotificationIntegrationTest.java:[99,6] org.springframework.boot.test.mock.mockito.SpyBean in org.springframework.boot.test.mock.mockito has been deprecated and marked for removal
[WARNING] /C:/Users/Ouail/Desktop/kinesisflow/src/test/java/com/kinesisflow/AlertNotificationIntegrationTest.java:[99,6] org.springframework.boot.test.mock.mockito.SpyBean in org.springframework.boot.test.mock.mockito has been deprecated and marked for removal
[WARNING] /C:/Users/Ouail/Desktop/kinesisflow/src/test/java/com/kinesisflow/AlertNotificationIntegrationTest.java:[99,6] org.springframework.boot.test.mock.mockito.SpyBean in org.springframework.boot.test.mock.mockito has been deprecated and marked for removal
[WARNING] /C:/Users/Ouail/Desktop/kinesisflow/src/test/java/com/kinesisflow/AlertNotificationIntegrationTest.java:[99,6] org.springframework.boot.test.mock.mockito.SpyBean in org.springframework.boot.test.mock.mockito has been deprecated and marked for removal
[WARNING] /C:/Users/Ouail/Desktop/kinesisflow/src/test/java/com/kinesisflow/AlertNotificationIntegrationTest.java:[99,6] org.springframework.boot.test.mock.mockito.SpyBean in org.springframework.boot.test.mock.mockito has been deprecated and marked for removal
[INFO] /C:/Users/Ouail/Desktop/kinesisflow/src/test/java/com/kinesisflow/UserControllerIntegrationTest.java: C:\Users\Ouail\Desktop\kinesisflow\src\test\java\com\kinesisflow\UserControllerIntegrationTest.java uses unchecked or unsafe operations.
[INFO] /C:/Users/Ouail/Desktop/kinesisflow/src/test/java/com/kinesisflow/UserControllerIntegrationTest.java: Recompile with -Xlint:unchecked for details.
[INFO] 
[INFO] --- surefire:3.5.3:test (default-test) @ kinesisFlow ---
[INFO] Using auto detected provider org.apache.maven.surefire.junitplatform.JUnitPlatformProvider
[INFO] 
[INFO] -------------------------------------------------------
[INFO]  T E S T S
[INFO] -------------------------------------------------------
[INFO] Running com.kinesisflow.AlertControllerIntegrationTest
13:58:22.259 [main] INFO org.springframework.test.context.support.AnnotationConfigContextLoaderUtils -- Could not detect default configuration classes for test class [com.kinesisflow.AlertControllerIntegrationTest]: AlertControllerIntegrationTest does not declare any static, non-private, non-final, nested classes annotated with @Configuration.
13:58:22.549 [main] INFO org.springframework.boot.test.context.SpringBootTestContextBootstrapper -- Found @SpringBootConfiguration com.kinesisflow.KinesisFlowApplication for test class com.kinesisflow.AlertControllerIntegrationTest
13:58:22.815 [main] INFO org.testcontainers.images.PullPolicy -- Image pull policy will be performed by: DefaultPullPolicy()
13:58:22.823 [main] INFO org.testcontainers.utility.ImageNameSubstitutor -- Image name substitution will be performed by: DefaultImageNameSubstitutor (composite of 'ConfigurationFileImageNameSubstitutor' and 'PrefixingImageNameSubstitutor')
13:58:22.926 [main] INFO org.testcontainers.DockerClientFactory -- Testcontainers version: 1.21.2
13:58:23.241 [main] INFO org.testcontainers.dockerclient.DockerClientProviderStrategy -- Loaded org.testcontainers.dockerclient.NpipeSocketClientProviderStrategy from ~/.testcontainers.properties, will try it first
13:58:23.588 [main] INFO org.testcontainers.dockerclient.DockerMachineClientProviderStrategy -- docker-machine executable was not found on PATH ([C:\Program Files\Eclipse Adoptium\jdk-21.0.9.10-hotspot\bin, C:\ActiveTcl\bin, C:\Python313\Scripts\, C:\Python313\, C:\WINDOWS\system32, C:\WINDOWS, C:\WINDOWS\System32\Wbem, C:\WINDOWS\System32\WindowsPowerShell\v1.0\, C:\WINDOWS\System32\OpenSSH\, C:\Program Files\NVIDIA Corporation\NVIDIA App\NvDLISR, C:\Program Files (x86)\NVIDIA Corporation\PhysX\Common, C:\Program Files\nodejs\, C:\ProgramData\chocolatey\bin, C:\Program Files\Git\cmd, C:\Program Files\Docker\Docker\resources\bin, C:\Program Files\Amazon\AWSCLIV2\, C:\cygwin64\bin, C:\Users\Ouail\Downloads\spin, , C:\ProgramData\mingw64\mingw64\bin, C:\Users\Ouail\AppData\Local\Programs\Python\Python312\Scripts\, C:\Users\Ouail\AppData\Local\Programs\Python\Python312\, C:\Users\Ouail\AppData\Local\Programs\Python\Python314\Scripts\, C:\Users\Ouail\AppData\Local\Programs\Python\Python314\, C:\Users\Ouail\AppData\Local\Microsoft\WindowsApps, C:\Users\Ouail\AppData\Local\Programs\Microsoft VS Code\bin, C:\Users\Ouail\AppData\Roaming\npm, C:\Users\Ouail\AppData\Local\Programs\Ollama, C:\ProgramData\mingw64\mingw64\bin, C:\Users\Ouail\AppData\Local\Programs\Antigravity\bin])
13:58:23.589 [main] ERROR org.testcontainers.dockerclient.DockerClientProviderStrategy -- Could not find a valid Docker environment. Please check configuration. Attempted configurations were:
	NpipeSocketClientProviderStrategy: failed with exception InternalServerErrorException (Status 500: )As no valid configuration was found, execution cannot continue.
See https://java.testcontainers.org/on_failure.html for more details.
[ERROR] Tests run: 1, Failures: 0, Errors: 1, Skipped: 0, Time elapsed: 1.486 s <<< FAILURE! -- in com.kinesisflow.AlertControllerIntegrationTest
[ERROR] com.kinesisflow.AlertControllerIntegrationTest -- Time elapsed: 1.486 s <<< ERROR!
java.lang.IllegalStateException: Could not find a valid Docker environment. Please see logs and check configuration
	at org.testcontainers.dockerclient.DockerClientProviderStrategy.lambda$getFirstValidStrategy$7(DockerClientProviderStrategy.java:274)
	at java.base/java.util.Optional.orElseThrow(Optional.java:403)
	at org.testcontainers.dockerclient.DockerClientProviderStrategy.getFirstValidStrategy(DockerClientProviderStrategy.java:265)
	at org.testcontainers.DockerClientFactory.getOrInitializeStrategy(DockerClientFactory.java:154)
	at org.testcontainers.DockerClientFactory.client(DockerClientFactory.java:196)
	at org.testcontainers.DockerClientFactory$1.getDockerClient(DockerClientFactory.java:108)
	at com.github.dockerjava.api.DockerClientDelegate.authConfig(DockerClientDelegate.java:109)
	at org.testcontainers.containers.GenericContainer.start(GenericContainer.java:321)
	at org.testcontainers.junit.jupiter.TestcontainersExtension$StoreAdapter.start(TestcontainersExtension.java:276)
	at org.testcontainers.junit.jupiter.TestcontainersExtension$StoreAdapter.access$200(TestcontainersExtension.java:263)
	at org.testcontainers.junit.jupiter.TestcontainersExtension.lambda$startContainers$4(TestcontainersExtension.java:83)
	at org.testcontainers.junit.jupiter.TestcontainersExtension.lambda$startContainers$5(TestcontainersExtension.java:83)
	at java.base/java.util.ArrayList.forEach(ArrayList.java:1596)
	at org.testcontainers.junit.jupiter.TestcontainersExtension.startContainers(TestcontainersExtension.java:83)
	at org.testcontainers.junit.jupiter.TestcontainersExtension.beforeAll(TestcontainersExtension.java:57)
	at java.base/java.util.ArrayList.forEach(ArrayList.java:1596)

[INFO] Running com.kinesisflow.AlertNotificationIntegrationTest
13:58:23.655 [main] INFO org.springframework.test.context.support.AnnotationConfigContextLoaderUtils -- Could not detect default configuration classes for test class [com.kinesisflow.AlertNotificationIntegrationTest]: AlertNotificationIntegrationTest does not declare any static, non-private, non-final, nested classes annotated with @Configuration.
13:58:23.704 [main] INFO org.springframework.boot.test.context.SpringBootTestContextBootstrapper -- Found @SpringBootConfiguration com.kinesisflow.KinesisFlowApplication for test class com.kinesisflow.AlertNotificationIntegrationTest
13:58:23.712 [main] INFO org.testcontainers.DockerClientFactory -- Testcontainers version: 1.21.2
[ERROR] Tests run: 1, Failures: 0, Errors: 1, Skipped: 0, Time elapsed: 0.081 s <<< FAILURE! -- in com.kinesisflow.AlertNotificationIntegrationTest
[ERROR] com.kinesisflow.AlertNotificationIntegrationTest -- Time elapsed: 0.081 s <<< ERROR!
java.lang.IllegalStateException: Previous attempts to find a Docker environment failed. Will not retry. Please see logs and check configuration
	at org.testcontainers.dockerclient.DockerClientProviderStrategy.getFirstValidStrategy(DockerClientProviderStrategy.java:229)
	at org.testcontainers.DockerClientFactory.getOrInitializeStrategy(DockerClientFactory.java:154)
	at org.testcontainers.DockerClientFactory.client(DockerClientFactory.java:196)
	at org.testcontainers.DockerClientFactory$1.getDockerClient(DockerClientFactory.java:108)
	at com.github.dockerjava.api.DockerClientDelegate.authConfig(DockerClientDelegate.java:109)
	at org.testcontainers.containers.GenericContainer.start(GenericContainer.java:321)
	at org.testcontainers.junit.jupiter.TestcontainersExtension$StoreAdapter.start(TestcontainersExtension.java:276)
	at org.testcontainers.junit.jupiter.TestcontainersExtension$StoreAdapter.access$200(TestcontainersExtension.java:263)
	at org.testcontainers.junit.jupiter.TestcontainersExtension.lambda$startContainers$4(TestcontainersExtension.java:83)
	at org.testcontainers.junit.jupiter.TestcontainersExtension.lambda$startContainers$5(TestcontainersExtension.java:83)
	at java.base/java.util.ArrayList.forEach(ArrayList.java:1596)
	at org.testcontainers.junit.jupiter.TestcontainersExtension.startContainers(TestcontainersExtension.java:83)
	at org.testcontainers.junit.jupiter.TestcontainersExtension.beforeAll(TestcontainersExtension.java:57)
	at java.base/java.util.ArrayList.forEach(ArrayList.java:1596)

[INFO] Running com.kinesisflow.UserControllerIntegrationTest
13:58:23.745 [main] INFO org.springframework.test.context.support.AnnotationConfigContextLoaderUtils -- Could not detect default configuration classes for test class [com.kinesisflow.UserControllerIntegrationTest]: UserControllerIntegrationTest does not declare any static, non-private, non-final, nested classes annotated with @Configuration.
13:58:23.761 [main] INFO org.springframework.boot.test.context.SpringBootTestContextBootstrapper -- Found @SpringBootConfiguration com.kinesisflow.KinesisFlowApplication for test class com.kinesisflow.UserControllerIntegrationTest
13:58:23.767 [main] INFO org.testcontainers.DockerClientFactory -- Testcontainers version: 1.21.2
[ERROR] Tests run: 1, Failures: 0, Errors: 1, Skipped: 0, Time elapsed: 0.035 s <<< FAILURE! -- in com.kinesisflow.UserControllerIntegrationTest
[ERROR] com.kinesisflow.UserControllerIntegrationTest -- Time elapsed: 0.035 s <<< ERROR!
java.lang.IllegalStateException: Previous attempts to find a Docker environment failed. Will not retry. Please see logs and check configuration
	at org.testcontainers.dockerclient.DockerClientProviderStrategy.getFirstValidStrategy(DockerClientProviderStrategy.java:229)
	at org.testcontainers.DockerClientFactory.getOrInitializeStrategy(DockerClientFactory.java:154)
	at org.testcontainers.DockerClientFactory.client(DockerClientFactory.java:196)
	at org.testcontainers.DockerClientFactory$1.getDockerClient(DockerClientFactory.java:108)
	at com.github.dockerjava.api.DockerClientDelegate.authConfig(DockerClientDelegate.java:109)
	at org.testcontainers.containers.GenericContainer.start(GenericContainer.java:321)
	at org.testcontainers.junit.jupiter.TestcontainersExtension$StoreAdapter.start(TestcontainersExtension.java:276)
	at org.testcontainers.junit.jupiter.TestcontainersExtension$StoreAdapter.access$200(TestcontainersExtension.java:263)
	at org.testcontainers.junit.jupiter.TestcontainersExtension.lambda$startContainers$4(TestcontainersExtension.java:83)
	at org.testcontainers.junit.jupiter.TestcontainersExtension.lambda$startContainers$5(TestcontainersExtension.java:83)
	at java.base/java.util.ArrayList.forEach(ArrayList.java:1596)
	at org.testcontainers.junit.jupiter.TestcontainersExtension.startContainers(TestcontainersExtension.java:83)
	at org.testcontainers.junit.jupiter.TestcontainersExtension.beforeAll(TestcontainersExtension.java:57)
	at java.base/java.util.ArrayList.forEach(ArrayList.java:1596)

[INFO] 
[INFO] Results:
[INFO] 
[ERROR] Errors: 
[ERROR]   AlertControllerIntegrationTest ╗ IllegalState Could not find a valid Docker environment. Please see logs and check configuration
[ERROR]   AlertNotificationIntegrationTest ╗ IllegalState Previous attempts to find a Docker environment failed. Will not retry. Please see logs and check configuration
[ERROR]   UserControllerIntegrationTest ╗ IllegalState Previous attempts to find a Docker environment failed. Will not retry. Please see logs and check configuration
[INFO] 
[ERROR] Tests run: 3, Failures: 0, Errors: 3, Skipped: 0
[INFO] 
[INFO] ------------------------------------------------------------------------
[INFO] BUILD FAILURE
[INFO] ------------------------------------------------------------------------
[INFO] Total time:  13.447 s
[INFO] Finished at: 2025-12-24T13:58:24+01:00
[INFO] ------------------------------------------------------------------------
[ERROR] Failed to execute goal org.apache.maven.plugins:maven-surefire-plugin:3.5.3:test (default-test) on project kinesisFlow: 
[ERROR] 
[ERROR] See C:\Users\Ouail\Desktop\kinesisflow\target\surefire-reports for the individual test results.
[ERROR] See dump files (if any exist) [date].dump, [date]-jvmRun[N].dump and [date].dumpstream.
[ERROR] -> [Help 1]
[ERROR] 
[ERROR] To see the full stack trace of the errors, re-run Maven with the -e switch.
[ERROR] Re-run Maven using the -X switch to enable full debug logging.
[ERROR] 
[ERROR] For more information about the errors and possible solutions, please read the following articles:
[ERROR] [Help 1] http://cwiki.apache.org/confluence/display/MAVEN/MojoFailureException
